MO adder NULL adder.v vlg54/adder.bin 1552786169
MO fulladder_st NULL fulladder_st.v vlg61/fulladder__st.bin 1552786169
MO flopr NULL flopr.v vlg3B/flopr.bin 1552786169
MO timer_st NULL timer_st.v vlg5F/timer__st.bin 1552786169
MO addergen_st NULL addergen_st.v vlg0C/addergen__st.bin 1552786169
MO Street_Light_sys NULL Street_Light_sys.v vlg24/_street___light__sys.bin 1552786169
MO comparatorgen_st NULL comparatorgen_st.v vlg64/comparatorgen__st.bin 1552786169
