MO adder NULL adder.v vlg54/adder.bin 1552006735
MO flopr NULL flopr.v vlg3B/flopr.bin 1552006735
MO fulladder_st NULL fulladder_st.v vlg61/fulladder__st.bin 1552006735
MO laser_surgery_sys NULL laser_surgery_sys.v vlg31/laser__surgery__sys.bin 1552006735
MO timer_st NULL timer_st.v vlg5F/timer__st.bin 1552006735
MO addergen_st NULL addergen_st.v vlg0C/addergen__st.bin 1552006735
MO comparatorgen_st NULL comparatorgen_st.v vlg64/comparatorgen__st.bin 1552006735
