MO clkdiv NULL clkdiv.v vlg31/clkdiv.bin 1550096319
MO dispmux_main_bh NULL dispmux_main_bh.v vlg1F/dispmux__main__bh.bin 1550096319
MO Flight_Attendant_Call_Schematic NULL Flight_Attendant_Call_Schematic.vf vlg7F/_flight___attendant___call___schematic.bin 1550096319
MO Rising_Edge_Detector NULL Rising_Edge_Detector.v vlg65/_rising___edge___detector.bin 1549922240
MO hexto7segment NULL hexto7segment.v vlg6A/hexto7segment.bin 1550096319
MO disp_mux_bh NULL disp_mux_bh.v vlg32/disp__mux__bh.bin 1550096319
MO Flight_Attendant_Call_Module NULL Flight_Attendant_Call_Module.v vlg40/_flight___attendant___call___module.bin 1549496258
